// Jest Snapshot v1, https://goo.gl/fbAQLP

exports[`PadModel can create an empty pad 1`] = `Promise {}`;
