// Jest Snapshot v1, https://goo.gl/fbAQLP

exports[`Pad List Component renders normal 1`] = `
<div
  className="ListPad"
>
  <a
    className="ListPad-Link"
    href="/fakeid1"
  >
    <div
      className="ListPad-Header"
    >
      <div
        className="ListPad-HeaderUsername"
      >
        example
      </div>
      <div
        className="ListPad-HeaderTitle"
      >
        Fake 1
      </div>
    </div>
  </a>
</div>
`;
