// Jest Snapshot v1, https://goo.gl/fbAQLP

exports[`Modal renders normal 1`] = `<noscript />`;
