// Jest Snapshot v1, https://goo.gl/fbAQLP

exports[`Loading Spinner renders normal 1`] = `
<div
  className="loading-spinner small test"
>
  <div
    className="spinner-wheel"
  />
  <div
    className="spinner-ticks"
  >
    <div
      className="spinner-tick"
    />
    <div
      className="spinner-tick"
    />
    <div
      className="spinner-tick"
    />
    <div
      className="spinner-tick"
    />
    <div
      className="spinner-tick"
    />
    <div
      className="spinner-tick"
    />
    <div
      className="spinner-tick"
    />
    <div
      className="spinner-tick"
    />
    <div
      className="spinner-tick"
    />
    <div
      className="spinner-tick"
    />
    <div
      className="spinner-tick"
    />
    <div
      className="spinner-tick"
    />
    <div
      className="spinner-tick"
    />
    <div
      className="spinner-tick"
    />
    <div
      className="spinner-tick"
    />
    <div
      className="spinner-tick"
    />
  </div>
</div>
`;
